###############################################################################
#
# IAR ELF Linker V7.20.2.7424/W32 for ARM                 23/Sep/2018  17:16:05
# Copyright 2007-2014 IAR Systems AB.
#
#    Output file  =  
#        C:\Users\Josep\Desktop\Ardusimple\STM32\simpleRTK2B\EWARM\simpleRTK2B\Exe\simpleRTK2B.out
#    Map file     =  
#        C:\Users\Josep\Desktop\Ardusimple\STM32\simpleRTK2B\EWARM\simpleRTK2B/List\simpleRTK2B.map
#    Command line =  
#        C:\Users\Josep\Desktop\Ardusimple\STM32\simpleRTK2B\EWARM\simpleRTK2B\Obj\gnss.o
#        C:\Users\Josep\Desktop\Ardusimple\STM32\simpleRTK2B\EWARM\simpleRTK2B\Obj\hardware.o
#        C:\Users\Josep\Desktop\Ardusimple\STM32\simpleRTK2B\EWARM\simpleRTK2B\Obj\main.o
#        C:\Users\Josep\Desktop\Ardusimple\STM32\simpleRTK2B\EWARM\simpleRTK2B\Obj\startup_stm32l152xe.o
#        C:\Users\Josep\Desktop\Ardusimple\STM32\simpleRTK2B\EWARM\simpleRTK2B\Obj\stm32l1xx_hal.o
#        C:\Users\Josep\Desktop\Ardusimple\STM32\simpleRTK2B\EWARM\simpleRTK2B\Obj\stm32l1xx_hal_adc.o
#        C:\Users\Josep\Desktop\Ardusimple\STM32\simpleRTK2B\EWARM\simpleRTK2B\Obj\stm32l1xx_hal_adc_ex.o
#        C:\Users\Josep\Desktop\Ardusimple\STM32\simpleRTK2B\EWARM\simpleRTK2B\Obj\stm32l1xx_hal_cortex.o
#        C:\Users\Josep\Desktop\Ardusimple\STM32\simpleRTK2B\EWARM\simpleRTK2B\Obj\stm32l1xx_hal_dma.o
#        C:\Users\Josep\Desktop\Ardusimple\STM32\simpleRTK2B\EWARM\simpleRTK2B\Obj\stm32l1xx_hal_flash.o
#        C:\Users\Josep\Desktop\Ardusimple\STM32\simpleRTK2B\EWARM\simpleRTK2B\Obj\stm32l1xx_hal_flash_ex.o
#        C:\Users\Josep\Desktop\Ardusimple\STM32\simpleRTK2B\EWARM\simpleRTK2B\Obj\stm32l1xx_hal_flash_ramfunc.o
#        C:\Users\Josep\Desktop\Ardusimple\STM32\simpleRTK2B\EWARM\simpleRTK2B\Obj\stm32l1xx_hal_gpio.o
#        C:\Users\Josep\Desktop\Ardusimple\STM32\simpleRTK2B\EWARM\simpleRTK2B\Obj\stm32l1xx_hal_i2c.o
#        C:\Users\Josep\Desktop\Ardusimple\STM32\simpleRTK2B\EWARM\simpleRTK2B\Obj\stm32l1xx_hal_msp.o
#        C:\Users\Josep\Desktop\Ardusimple\STM32\simpleRTK2B\EWARM\simpleRTK2B\Obj\stm32l1xx_hal_pcd.o
#        C:\Users\Josep\Desktop\Ardusimple\STM32\simpleRTK2B\EWARM\simpleRTK2B\Obj\stm32l1xx_hal_pcd_ex.o
#        C:\Users\Josep\Desktop\Ardusimple\STM32\simpleRTK2B\EWARM\simpleRTK2B\Obj\stm32l1xx_hal_pwr.o
#        C:\Users\Josep\Desktop\Ardusimple\STM32\simpleRTK2B\EWARM\simpleRTK2B\Obj\stm32l1xx_hal_pwr_ex.o
#        C:\Users\Josep\Desktop\Ardusimple\STM32\simpleRTK2B\EWARM\simpleRTK2B\Obj\stm32l1xx_hal_rcc.o
#        C:\Users\Josep\Desktop\Ardusimple\STM32\simpleRTK2B\EWARM\simpleRTK2B\Obj\stm32l1xx_hal_rcc_ex.o
#        C:\Users\Josep\Desktop\Ardusimple\STM32\simpleRTK2B\EWARM\simpleRTK2B\Obj\stm32l1xx_hal_spi.o
#        C:\Users\Josep\Desktop\Ardusimple\STM32\simpleRTK2B\EWARM\simpleRTK2B\Obj\stm32l1xx_hal_spi_ex.o
#        C:\Users\Josep\Desktop\Ardusimple\STM32\simpleRTK2B\EWARM\simpleRTK2B\Obj\stm32l1xx_hal_tim.o
#        C:\Users\Josep\Desktop\Ardusimple\STM32\simpleRTK2B\EWARM\simpleRTK2B\Obj\stm32l1xx_hal_tim_ex.o
#        C:\Users\Josep\Desktop\Ardusimple\STM32\simpleRTK2B\EWARM\simpleRTK2B\Obj\stm32l1xx_hal_uart.o
#        C:\Users\Josep\Desktop\Ardusimple\STM32\simpleRTK2B\EWARM\simpleRTK2B\Obj\stm32l1xx_it.o
#        C:\Users\Josep\Desktop\Ardusimple\STM32\simpleRTK2B\EWARM\simpleRTK2B\Obj\system_stm32l1xx.o
#        C:\Users\Josep\Desktop\Ardusimple\STM32\simpleRTK2B\EWARM\simpleRTK2B\Obj\tasks.o
#        --redirect _Printf=_PrintfFull --redirect _Scanf=_ScanfFull -o
#        C:\Users\Josep\Desktop\Ardusimple\STM32\simpleRTK2B\EWARM\simpleRTK2B\Exe\simpleRTK2B.out
#        --map
#        C:\Users\Josep\Desktop\Ardusimple\STM32\simpleRTK2B\EWARM\simpleRTK2B/List\simpleRTK2B.map
#        --config
#        C:\Users\Josep\Desktop\Ardusimple\STM32\simpleRTK2B\EWARM/stm32l152xe_flash.icf
#        --semihosting --entry __iar_program_start --vfe
#
###############################################################################

*******************************************************************************
*** RUNTIME MODEL ATTRIBUTES
***

CppFlavor       = *
__CPP_Language  = EC++
__SystemLibrary = DLib


*******************************************************************************
*** PLACEMENT SUMMARY
***

"A1":  place at 0x08000000 { ro section .intvec };
"P1":  place in [from 0x08000000 to 0x0807ffff] { ro };
"P2":  place in [from 0x20000000 to 0x20013fff] { rw, block CSTACK, block HEAP };

  Section            Kind        Address    Size  Object
  -------            ----        -------    ----  ------
"A1":                                      0x124
  .intvec            ro code  0x08000000   0x124  startup_stm32l152xe.o [1]
                            - 0x08000124   0x124

"P1":                                     0x1c70
  .text              ro code  0x08000124   0x644  stm32l1xx_hal_rcc.o [1]
  .text              ro code  0x08000768    0x54  stm32l1xx_hal.o [1]
  .text              ro code  0x080007bc    0x10  stm32l1xx_hal_pwr_ex.o [1]
  .text              ro code  0x080007cc    0xf4  stm32l1xx_hal_cortex.o [1]
  .text              ro code  0x080008c0   0x148  stm32l1xx_hal_msp.o [1]
  .text              ro code  0x08000a08   0x164  hardware.o [1]
  .text              ro code  0x08000b6c   0x1c8  stm32l1xx_hal_gpio.o [1]
  .text              ro code  0x08000d34   0x1d8  stm32l1xx_hal_dma.o [1]
  .text              ro code  0x08000f0c   0x320  gnss.o [1]
  .text              ro code  0x0800122c   0x2e0  stm32l1xx_hal_uart.o [1]
  .text              ro code  0x0800150c    0x32  I32ToFlt.o [4]
  .text              ro code  0x0800153e    0x2e  copy_init3.o [5]
  .text              ro code  0x0800156c    0x2c  I32ToDbl.o [4]
  .text              ro code  0x08001598    0x90  DblToFlt.o [4]
  .text              ro code  0x08001628    0xd8  FltMul.o [4]
  .text              ro code  0x08001700    0x84  FltAdd.o [4]
  .text              ro code  0x08001784   0x1a2  DblMul.o [4]
  .text              ro code  0x08001926    0x22  zero_init3.o [5]
  .text              ro code  0x08001948    0xd6  FltSub.o [4]
  .text              ro code  0x08001a20    0x9c  tasks.o [1]
  .text              ro code  0x08001abc    0x24  FltCmpGe.o [4]
  .text              ro code  0x08001ae0    0x24  FltCmpLe.o [4]
  .text              ro code  0x08001b04    0x64  system_stm32l1xx.o [1]
  .text              ro code  0x08001b68    0x5e  main.o [1]
  .text              ro code  0x08001bc8    0x28  stm32l1xx_it.o [1]
  .text              ro code  0x08001bf0    0x28  data_init.o [5]
  .iar.init_table    const    0x08001c18    0x24  - Linker created -
  .text              ro code  0x08001c3c    0x1a  cmain.o [5]
  .text              ro code  0x08001c56     0x4  low_level_init.o [3]
  .text              ro code  0x08001c5a     0x4  exit.o [3]
  .text              ro code  0x08001c60     0xa  cexit.o [5]
  .text              ro code  0x08001c6c    0x14  exit.o [6]
  .text              ro code  0x08001c80    0x10  startup_stm32l152xe.o [1]
  .text              ro code  0x08001c90     0xc  cstartup_M.o [5]
  .rodata            const    0x08001c9c     0x8  system_stm32l1xx.o [1]
  .text              ro code  0x08001ca4     0x4  startup_stm32l152xe.o [1]
  .text              ro code  0x08001ca8     0x4  startup_stm32l152xe.o [1]
  .text              ro code  0x08001cac     0x4  startup_stm32l152xe.o [1]
  .text              ro code  0x08001cb0     0x4  startup_stm32l152xe.o [1]
  .text              ro code  0x08001cb4     0x4  startup_stm32l152xe.o [1]
  .text              ro code  0x08001cb8     0x4  startup_stm32l152xe.o [1]
  .text              ro code  0x08001cbc     0x4  startup_stm32l152xe.o [1]
  .text              ro code  0x08001cc0     0x4  startup_stm32l152xe.o [1]
  .text              ro code  0x08001cc4     0x4  startup_stm32l152xe.o [1]
  .text              ro code  0x08001cc8     0x4  startup_stm32l152xe.o [1]
  .text              ro code  0x08001ccc     0x4  startup_stm32l152xe.o [1]
  .text              ro code  0x08001cd0     0x4  startup_stm32l152xe.o [1]
  .text              ro code  0x08001cd4     0x4  startup_stm32l152xe.o [1]
  .text              ro code  0x08001cd8     0x4  startup_stm32l152xe.o [1]
  .text              ro code  0x08001cdc     0x4  startup_stm32l152xe.o [1]
  .text              ro code  0x08001ce0     0x4  startup_stm32l152xe.o [1]
  .text              ro code  0x08001ce4     0x4  startup_stm32l152xe.o [1]
  .text              ro code  0x08001ce8     0x4  startup_stm32l152xe.o [1]
  .text              ro code  0x08001cec     0x4  startup_stm32l152xe.o [1]
  .text              ro code  0x08001cf0     0x4  startup_stm32l152xe.o [1]
  .text              ro code  0x08001cf4     0x4  startup_stm32l152xe.o [1]
  .text              ro code  0x08001cf8     0x4  startup_stm32l152xe.o [1]
  .text              ro code  0x08001cfc     0x4  startup_stm32l152xe.o [1]
  .text              ro code  0x08001d00     0x4  startup_stm32l152xe.o [1]
  .text              ro code  0x08001d04     0x4  startup_stm32l152xe.o [1]
  .text              ro code  0x08001d08     0x4  startup_stm32l152xe.o [1]
  .text              ro code  0x08001d0c     0x4  startup_stm32l152xe.o [1]
  .text              ro code  0x08001d10     0x4  startup_stm32l152xe.o [1]
  .text              ro code  0x08001d14     0x4  startup_stm32l152xe.o [1]
  .text              ro code  0x08001d18     0x4  startup_stm32l152xe.o [1]
  .text              ro code  0x08001d1c     0x4  startup_stm32l152xe.o [1]
  .text              ro code  0x08001d20     0x4  startup_stm32l152xe.o [1]
  .text              ro code  0x08001d24     0x4  startup_stm32l152xe.o [1]
  .text              ro code  0x08001d28     0x4  startup_stm32l152xe.o [1]
  .text              ro code  0x08001d2c     0x4  startup_stm32l152xe.o [1]
  .text              ro code  0x08001d30     0x4  startup_stm32l152xe.o [1]
  .text              ro code  0x08001d34     0x4  startup_stm32l152xe.o [1]
  .text              ro code  0x08001d38     0x4  startup_stm32l152xe.o [1]
  .text              ro code  0x08001d3c     0x4  startup_stm32l152xe.o [1]
  .text              ro code  0x08001d40     0x4  startup_stm32l152xe.o [1]
  .text              ro code  0x08001d44     0x4  startup_stm32l152xe.o [1]
  .text              ro code  0x08001d48     0x4  startup_stm32l152xe.o [1]
  .text              ro code  0x08001d4c     0x4  startup_stm32l152xe.o [1]
  .text              ro code  0x08001d50     0x4  startup_stm32l152xe.o [1]
  .text              ro code  0x08001d54     0x4  startup_stm32l152xe.o [1]
  .text              ro code  0x08001d58     0x4  startup_stm32l152xe.o [1]
  .text              ro code  0x08001d5c     0x4  startup_stm32l152xe.o [1]
  .text              ro code  0x08001d60     0x4  startup_stm32l152xe.o [1]
  .text              ro code  0x08001d64     0x4  startup_stm32l152xe.o [1]
  .text              ro code  0x08001d68     0x4  startup_stm32l152xe.o [1]
  .text              ro code  0x08001d6c     0x4  startup_stm32l152xe.o [1]
  .text              ro code  0x08001d70     0x4  startup_stm32l152xe.o [1]
  .text              ro code  0x08001d74     0x4  startup_stm32l152xe.o [1]
  .text              ro code  0x08001d78     0x4  startup_stm32l152xe.o [1]
  .text              ro code  0x08001d7c     0x4  startup_stm32l152xe.o [1]
  .text              ro code  0x08001d80     0x4  startup_stm32l152xe.o [1]
  .text              ro code  0x08001d84     0x4  startup_stm32l152xe.o [1]
  .text              ro code  0x08001d88     0x4  startup_stm32l152xe.o [1]
  .text              ro code  0x08001d8c     0x4  startup_stm32l152xe.o [1]
  .rodata            const    0x08001d90     0x0  zero_init3.o [5]
  .rodata            const    0x08001d90     0x0  copy_init3.o [5]
  Initializer bytes  ro data  0x08001d90     0x4  <for P2 s0>
                            - 0x08001d94  0x1c70

"P2":                                      0x638
  P2 s0                       0x20000000     0x4  <Init block>
    .data            inited   0x20000000     0x4  system_stm32l1xx.o [1]
  .bss               zero     0x20000004   0x108  gnss.o [1]
  .bss               zero     0x2000010c    0x44  hardware.o [1]
  .bss               zero     0x20000150    0x44  hardware.o [1]
  .bss               zero     0x20000194    0x40  hardware.o [1]
  .bss               zero     0x200001d4    0x40  hardware.o [1]
  .bss               zero     0x20000214     0xc  main.o [1]
  .bss               zero     0x20000220     0x8  tasks.o [1]
  .bss               zero     0x20000228     0x4  hardware.o [1]
  .bss               zero     0x2000022c     0x4  stm32l1xx_hal.o [1]
  .bss               zero     0x20000230     0x1  gnss.o [1]
  CSTACK                      0x20000238   0x400  <Block>
    CSTACK           uninit   0x20000238   0x400  <Block tail>
                            - 0x20000638   0x638


*******************************************************************************
*** INIT TABLE
***

          Address     Size
          -------     ----
Zero (__iar_zero_init3)
    1 destination range, total size 0x22d:
          0x20000004  0x22d

Copy (__iar_copy_init3)
    1 source range, total size 0x4:
          0x08001d90    0x4
    1 destination range, total size 0x4:
          0x20000000    0x4



*******************************************************************************
*** MODULE SUMMARY
***

    Module                  ro code  ro data  rw data
    ------                  -------  -------  -------
C:\Users\Josep\Desktop\Ardusimple\STM32\simpleRTK2B\EWARM\simpleRTK2B\Obj: [1]
    gnss.o                      800               265
    hardware.o                  356               268
    main.o                       94                12
    startup_stm32l152xe.o       544
    stm32l1xx_hal.o              84                 4
    stm32l1xx_hal_cortex.o      244
    stm32l1xx_hal_dma.o         472
    stm32l1xx_hal_gpio.o        456
    stm32l1xx_hal_msp.o         328
    stm32l1xx_hal_pwr_ex.o       16
    stm32l1xx_hal_rcc.o       1 604
    stm32l1xx_hal_uart.o        736
    stm32l1xx_it.o               40
    system_stm32l1xx.o          100       12        4
    tasks.o                     156                 8
    -------------------------------------------------
    Total:                    6 030       12      561

command line: [2]
    -------------------------------------------------
    Total:

dl7M_tlf.a: [3]
    exit.o                        4
    low_level_init.o              4
    -------------------------------------------------
    Total:                        8

m7M_tl.a: [4]
    DblMul.o                    418
    DblToFlt.o                  144
    FltAdd.o                    132
    FltCmpGe.o                   36
    FltCmpLe.o                   36
    FltMul.o                    216
    FltSub.o                    214
    I32ToDbl.o                   44
    I32ToFlt.o                   50
    -------------------------------------------------
    Total:                    1 290

rt7M_tl.a: [5]
    cexit.o                      10
    cmain.o                      26
    copy_init3.o                 46
    cstartup_M.o                 12
    data_init.o                  40
    zero_init3.o                 34
    -------------------------------------------------
    Total:                      168

shb_l.a: [6]
    exit.o                       20
    -------------------------------------------------
    Total:                       20

    Gaps                          8
    Linker created                        36    1 024
-----------------------------------------------------
    Grand Total:              7 524       48    1 585


*******************************************************************************
*** ENTRY LIST
***

Entry                      Address   Size  Type      Object
-----                      -------   ----  ----      ------
?main                   0x08001c3d         Code  Gb  cmain.o [5]
AHBPrescTable           0x08001b58   0x10  Data  Gb  system_stm32l1xx.o [1]
APBPrescTable           0x08001c9c    0x8  Data  Gb  system_stm32l1xx.o [1]
CGNSS::parseUBX(unsigned char *, int)
                        0x080010bf  0x11c  Code  Gb  gnss.o [1]
CSTACK$$Base            0x20000238          --   Gb  - Linker created -
CSTACK$$Limit           0x20000638          --   Gb  - Linker created -
DMA1_Channel6_IRQHandler
                        0x08001bdb    0x6  Code  Gb  stm32l1xx_it.o [1]
DMA1_Channel7_IRQHandler
                        0x08001be1    0x6  Code  Gb  stm32l1xx_it.o [1]
DMA_SetConfig(__DMA_HandleTypeDef *, unsigned int, unsigned int, unsigned int)
                        0x08000eed   0x20  Code  Lc  stm32l1xx_hal_dma.o [1]
Error_Handler()         0x08000a8f    0x2  Code  Gb  hardware.o [1]
Events1ms()             0x08001a21   0x7e  Code  Gb  tasks.o [1]
EventsCommGNSS(unsigned char *, int)
                        0x08000f33    0x8  Code  Gb  gnss.o [1]
GNSSrx                  0x20000004  0x108  Data  Gb  gnss.o [1]
HAL_DMA_IRQHandler      0x08000e35   0xb8  Code  Gb  stm32l1xx_hal_dma.o [1]
HAL_DMA_Init            0x08000d35   0x6a  Code  Gb  stm32l1xx_hal_dma.o [1]
HAL_DMA_Start_IT        0x08000db5   0x5a  Code  Gb  stm32l1xx_hal_dma.o [1]
HAL_GPIO_Init           0x08000b6d  0x196  Code  Gb  stm32l1xx_hal_gpio.o [1]
HAL_GPIO_WritePin       0x08000d03    0x8  Code  Gb  stm32l1xx_hal_gpio.o [1]
HAL_GetTick             0x080007ad    0x6  Code  Wk  stm32l1xx_hal.o [1]
HAL_IncTick             0x080007a3    0xa  Code  Wk  stm32l1xx_hal.o [1]
HAL_Init                0x08000769   0x16  Code  Gb  stm32l1xx_hal.o [1]
HAL_InitTick            0x0800077f   0x24  Code  Wk  stm32l1xx_hal.o [1]
HAL_MspInit             0x080008c1   0x92  Code  Gb  stm32l1xx_hal_msp.o [1]
HAL_NVIC_EnableIRQ      0x0800084f    0xc  Code  Gb  stm32l1xx_hal_cortex.o [1]
HAL_NVIC_SetPriority    0x0800080b   0x44  Code  Gb  stm32l1xx_hal_cortex.o [1]
HAL_NVIC_SetPriorityGrouping
                        0x080007f1   0x1a  Code  Gb  stm32l1xx_hal_cortex.o [1]
HAL_PWREx_GetVoltageRange
                        0x080007bd    0xa  Code  Gb  stm32l1xx_hal_pwr_ex.o [1]
HAL_RCC_ClockConfig     0x080004cf  0x16a  Code  Gb  stm32l1xx_hal_rcc.o [1]
HAL_RCC_GetHCLKFreq     0x0800069b    0x6  Code  Gb  stm32l1xx_hal_rcc.o [1]
HAL_RCC_GetPCLK1Freq    0x080006a1   0x10  Code  Gb  stm32l1xx_hal_rcc.o [1]
HAL_RCC_GetPCLK2Freq    0x080006b1    0xe  Code  Gb  stm32l1xx_hal_rcc.o [1]
HAL_RCC_GetSysClockFreq
                        0x08000647   0x54  Code  Gb  stm32l1xx_hal_rcc.o [1]
HAL_RCC_OscConfig       0x08000125  0x390  Code  Gb  stm32l1xx_hal_rcc.o [1]
HAL_SYSTICK_CLKSourceConfig
                        0x0800088b   0x14  Code  Gb  stm32l1xx_hal_cortex.o [1]
HAL_SYSTICK_Callback    0x08000a15    0x8  Code  Gb  hardware.o [1]
HAL_SYSTICK_Config      0x08000863   0x28  Code  Gb  stm32l1xx_hal_cortex.o [1]
HAL_SYSTICK_IRQHandler  0x080008b9    0x8  Code  Gb  stm32l1xx_hal_cortex.o [1]
HAL_UART_ErrorCallback  0x0800131d    0x2  Code  Wk  stm32l1xx_hal_uart.o [1]
HAL_UART_Init           0x0800122d   0x30  Code  Gb  stm32l1xx_hal_uart.o [1]
HAL_UART_MspInit        0x08000953   0x8c  Code  Gb  stm32l1xx_hal_msp.o [1]
HAL_UART_Receive_DMA    0x0800129f   0x70  Code  Gb  stm32l1xx_hal_uart.o [1]
HAL_UART_RxCpltCallback
                        0x08000a09    0xc  Code  Gb  hardware.o [1]
HAL_UART_RxHalfCpltCallback
                        0x0800131b    0x2  Code  Wk  stm32l1xx_hal_uart.o [1]
NVIC_GetPriorityGrouping()
                        0x080007cd    0xa  Code  Lc  stm32l1xx_hal_cortex.o [1]
NVIC_SetPriority(IRQn_Type, unsigned int)
                        0x080007d7   0x1a  Code  Lc  stm32l1xx_hal_cortex.o [1]
PLLMulTable             0x08001b4c    0xc  Data  Gb  system_stm32l1xx.o [1]
PendSV_Handler          0x08001bcb    0x2  Code  Gb  stm32l1xx_it.o [1]
RCC_SetFlashLatencyFromMSIRange(unsigned int)
                        0x080006c5   0x6c  Code  Lc  stm32l1xx_hal_rcc.o [1]
Region$$Table$$Base     0x08001c18          --   Gb  - Linker created -
Region$$Table$$Limit    0x08001c3c          --   Gb  - Linker created -
SVC_Handler             0x08001bc9    0x2  Code  Gb  stm32l1xx_it.o [1]
SysTick_Handler         0x08001bcd    0xe  Code  Gb  stm32l1xx_it.o [1]
SystemClock_Config()    0x08000a1d   0x72  Code  Gb  hardware.o [1]
SystemCoreClock         0x20000000    0x4  Data  Gb  system_stm32l1xx.o [1]
SystemInit              0x08001b05   0x38  Code  Gb  system_stm32l1xx.o [1]
UART_DMAError(__DMA_HandleTypeDef *)
                        0x08001361   0x20  Code  Lc  stm32l1xx_hal_uart.o [1]
UART_DMAReceiveCplt(__DMA_HandleTypeDef *)
                        0x08001321   0x32  Code  Lc  stm32l1xx_hal_uart.o [1]
UART_DMARxHalfCplt(__DMA_HandleTypeDef *)
                        0x08001355    0xa  Code  Lc  stm32l1xx_hal_uart.o [1]
UART_SetConfig(UART_HandleTypeDef *)
                        0x08001381  0x184  Code  Lc  stm32l1xx_hal_uart.o [1]
__aeabi_cfcmple         0x08001ae1         Code  Gb  FltCmpLe.o [4]
__aeabi_cfrcmple        0x08001abd         Code  Gb  FltCmpGe.o [4]
__aeabi_d2f             0x08001599         Code  Gb  DblToFlt.o [4]
__aeabi_dmul            0x08001785         Code  Gb  DblMul.o [4]
__aeabi_fadd            0x08001701         Code  Gb  FltAdd.o [4]
__aeabi_fmul            0x08001629         Code  Gb  FltMul.o [4]
__aeabi_i2d             0x0800156d         Code  Gb  I32ToDbl.o [4]
__aeabi_i2f             0x0800150d         Code  Gb  I32ToFlt.o [4]
__aeabi_ui2f            0x08001521         Code  Gb  I32ToFlt.o [4]
__as_entries_start      0xffffffff          --   Gb  command line/config [2]
__as_table_start        0xffffffff          --   Gb  command line/config [2]
__cmain                 0x08001c3d         Code  Gb  cmain.o [5]
__exit                  0x08001c6d   0x14  Code  Gb  exit.o [6]
__iar_copy_init3        0x0800153f   0x2e  Code  Gb  copy_init3.o [5]
__iar_data_init3        0x08001bf1   0x28  Code  Gb  data_init.o [5]
__iar_fadd              0x08001711         Code  Gb  FltAdd.o [4]
__iar_fsub              0x08001949         Code  Gb  FltSub.o [4]
__iar_fsubStart         0x08001959         Code  Gb  FltSub.o [4]
__iar_program_start     0x08001c91         Code  Gb  cstartup_M.o [5]
__iar_ui2d              0x08001581         Code  Gb  I32ToDbl.o [4]
__iar_ui2f              0x08001525         Code  Gb  I32ToFlt.o [4]
__iar_zero_init3        0x08001927   0x22  Code  Gb  zero_init3.o [5]
__low_level_init        0x08001c57    0x4  Code  Gb  low_level_init.o [3]
__vector_table          0x08000000         Data  Gb  startup_stm32l152xe.o [1]
_call_main              0x08001c49         Code  Gb  cmain.o [5]
_exit                   0x08001c61         Code  Gb  cexit.o [5]
_main                   0x08001c53         Code  Gb  cmain.o [5]
addUBXpktByte(unsigned char, tGNSSrx *)
                        0x08000f95   0xca  Code  Gb  gnss.o [1]
bytesToLong(unsigned char *)
                        0x080011fd   0x16  Code  Gb  gnss.o [1]
bytesToShort(unsigned char *)
                        0x08001213   0x1a  Code  Gb  gnss.o [1]
checkUBX(unsigned char *, int)
                        0x0800105f   0x40  Code  Gb  gnss.o [1]
crcUBX(unsigned char *, int, unsigned char *, unsigned char *)
                        0x0800109f   0x20  Code  Gb  gnss.o [1]
exit                    0x08001c5b    0x4  Code  Gb  exit.o [3]
handleGNSS()            0x08000f0d   0x26  Code  Gb  gnss.o [1]
hdma_usart2_rx          0x2000010c   0x44  Data  Gb  hardware.o [1]
hdma_usart2_tx          0x20000150   0x44  Data  Gb  hardware.o [1]
huart2                  0x20000194   0x40  Data  Gb  hardware.o [1]
initGNSSrx()            0x08000f8b    0xa  Code  Gb  gnss.o [1]
initHardware()          0x08000a91   0xb4  Code  Gb  hardware.o [1]
main                    0x08001bb9    0xe  Code  Gb  main.o [1]
mainLoop()              0x08001b9d   0x14  Code  Gb  main.o [1]
readUBXpkt(unsigned char *)
                        0x08000f3b   0x50  Code  Gb  gnss.o [1]
rxBufferGNSS            0x20000230    0x1  Data  Gb  gnss.o [1]
sensors                 0x200001d4   0x40  Data  Gb  hardware.o [1]
sysTick                 0x20000228    0x4  Data  Gb  hardware.o [1]
timedLoop()             0x08001b69   0x34  Code  Gb  main.o [1]
uwTick                  0x2000022c    0x4  Data  Gb  stm32l1xx_hal.o [1]


[1] = C:\Users\Josep\Desktop\Ardusimple\STM32\simpleRTK2B\EWARM\simpleRTK2B\Obj
[2] = command line
[3] = dl7M_tlf.a
[4] = m7M_tl.a
[5] = rt7M_tl.a
[6] = shb_l.a

  7 524 bytes of readonly  code memory
     48 bytes of readonly  data memory
  1 585 bytes of readwrite data memory

Errors: none
Warnings: none
